[2026-05-18T13:55:13.256771+00:00] Scan started | symbols=1 open_paper_positions=0 daily_pnl=$0.00 paused=False
[2026-05-18T13:55:13.595938+00:00] Scan completed
[2026-05-18T13:56:13.601105+00:00] Scan started | symbols=1 open_paper_positions=0 daily_pnl=$0.00 paused=False
[2026-05-18T13:56:13.958182+00:00] Scan completed
[2026-05-18T13:57:13.970910+00:00] Scan started | symbols=1 open_paper_positions=0 daily_pnl=$0.00 paused=False
[2026-05-18T13:57:14.183360+00:00] Scan completed
[2026-05-18T13:58:14.188491+00:00] Scan started | symbols=1 open_paper_positions=0 daily_pnl=$0.00 paused=False
[2026-05-18T13:58:14.406734+00:00] Scan completed
[2026-05-18T13:59:14.409691+00:00] Scan started | symbols=1 open_paper_positions=0 daily_pnl=$0.00 paused=False
[2026-05-18T13:59:14.615335+00:00] Scan completed
[2026-05-18T14:00:14.620649+00:00] Scan started | symbols=1 open_paper_positions=0 daily_pnl=$0.00 paused=False
[2026-05-18T14:00:14.840578+00:00] Scan completed
[2026-05-18T14:01:14.853355+00:00] Scan started | symbols=1 open_paper_positions=0 daily_pnl=$0.00 paused=False
[2026-05-18T14:01:15.213481+00:00] Scan completed
[2026-05-18T14:02:15.218232+00:00] Scan started | symbols=1 open_paper_positions=0 daily_pnl=$0.00 paused=False
[2026-05-18T14:02:15.421731+00:00] Scan completed
[2026-05-18T14:03:15.426471+00:00] Scan started | symbols=1 open_paper_positions=0 daily_pnl=$0.00 paused=False
[2026-05-18T14:03:15.634212+00:00] Scan completed
[2026-05-18T14:04:15.639584+00:00] Scan started | symbols=1 open_paper_positions=0 daily_pnl=$0.00 paused=False
[2026-05-18T14:04:15.857938+00:00] Scan completed
[2026-05-18T14:05:15.862636+00:00] Scan started | symbols=1 open_paper_positions=0 daily_pnl=$0.00 paused=False
[2026-05-18T14:05:16.102215+00:00] Scan completed
[2026-05-18T14:06:16.107885+00:00] Scan started | symbols=1 open_paper_positions=0 daily_pnl=$0.00 paused=False
[2026-05-18T14:06:16.348003+00:00] Scan completed
[2026-05-18T14:07:16.352690+00:00] Scan started | symbols=1 open_paper_positions=0 daily_pnl=$0.00 paused=False
[2026-05-18T14:07:16.566545+00:00] Scan completed
[2026-05-18T14:08:16.568810+00:00] Scan started | symbols=1 open_paper_positions=0 daily_pnl=$0.00 paused=False
[2026-05-18T14:08:16.801574+00:00] Scan completed
[2026-05-18T14:09:16.806393+00:00] Scan started | symbols=1 open_paper_positions=0 daily_pnl=$0.00 paused=False
[2026-05-18T14:09:17.036125+00:00] Scan completed
[2026-05-18T14:10:17.040806+00:00] Scan started | symbols=1 open_paper_positions=0 daily_pnl=$0.00 paused=False
[2026-05-18T14:10:17.261667+00:00] Scan completed
[2026-05-18T14:11:17.266717+00:00] Scan started | symbols=1 open_paper_positions=0 daily_pnl=$0.00 paused=False
[2026-05-18T14:11:17.471656+00:00] Scan completed
[2026-05-18T14:12:17.476677+00:00] Scan started | symbols=1 open_paper_positions=0 daily_pnl=$0.00 paused=False
[2026-05-18T14:12:17.697106+00:00] Scan completed
[2026-05-18T14:13:17.676769+00:00] Scan started | symbols=1 open_paper_positions=0 daily_pnl=$0.00 paused=False
[2026-05-18T14:13:17.891260+00:00] Scan completed
[2026-05-18T14:14:17.895129+00:00] Scan started | symbols=1 open_paper_positions=0 daily_pnl=$0.00 paused=False
[2026-05-18T14:14:18.095783+00:00] Scan completed
[2026-05-18T14:15:18.100246+00:00] Scan started | symbols=1 open_paper_positions=0 daily_pnl=$0.00 paused=False
[2026-05-18T14:15:18.294157+00:00] Scan completed
[2026-05-18T14:16:18.298731+00:00] Scan started | symbols=1 open_paper_positions=0 daily_pnl=$0.00 paused=False
[2026-05-18T14:16:18.509637+00:00] Scan completed
[2026-05-18T14:17:18.513170+00:00] Scan started | symbols=1 open_paper_positions=0 daily_pnl=$0.00 paused=False
[2026-05-18T14:17:18.719270+00:00] Scan completed
[2026-05-18T14:18:18.722138+00:00] Scan started | symbols=1 open_paper_positions=0 daily_pnl=$0.00 paused=False
[2026-05-18T14:18:18.975208+00:00] Scan completed
[2026-05-18T14:19:18.979868+00:00] Scan started | symbols=1 open_paper_positions=0 daily_pnl=$0.00 paused=False
[2026-05-18T14:19:19.188563+00:00] Scan completed
[2026-05-18T14:20:19.193077+00:00] Scan started | symbols=1 open_paper_positions=0 daily_pnl=$0.00 paused=False
[2026-05-18T14:20:19.401791+00:00] Scan completed
[2026-05-18T14:21:19.406633+00:00] Scan started | symbols=1 open_paper_positions=0 daily_pnl=$0.00 paused=False
[2026-05-18T14:21:19.623388+00:00] Scan completed
[2026-05-18T14:22:19.627925+00:00] Scan started | symbols=1 open_paper_positions=0 daily_pnl=$0.00 paused=False
[2026-05-18T14:22:19.834952+00:00] Scan completed
[2026-05-18T14:23:19.839501+00:00] Scan started | symbols=1 open_paper_positions=0 daily_pnl=$0.00 paused=False
[2026-05-18T14:23:20.050054+00:00] Scan completed
[2026-05-18T14:24:20.054907+00:00] Scan started | symbols=1 open_paper_positions=0 daily_pnl=$0.00 paused=False
[2026-05-18T14:24:20.274827+00:00] Scan completed
[2026-05-18T14:25:20.279240+00:00] Scan started | symbols=1 open_paper_positions=0 daily_pnl=$0.00 paused=False
[2026-05-18T14:25:20.503623+00:00] Scan completed
[2026-05-18T14:26:20.508450+00:00] Scan started | symbols=1 open_paper_positions=0 daily_pnl=$0.00 paused=False
[2026-05-18T14:26:20.717430+00:00] Scan completed
[2026-05-18T14:27:20.722496+00:00] Scan started | symbols=1 open_paper_positions=0 daily_pnl=$0.00 paused=False
[2026-05-18T14:27:20.957220+00:00] Scan completed
[2026-05-18T14:28:20.961635+00:00] Scan started | symbols=1 open_paper_positions=0 daily_pnl=$0.00 paused=False
[2026-05-18T14:28:21.164794+00:00] Scan completed
[2026-05-18T14:29:21.169728+00:00] Scan started | symbols=1 open_paper_positions=0 daily_pnl=$0.00 paused=False
[2026-05-18T14:29:21.391525+00:00] Scan completed
[2026-05-18T14:30:21.396521+00:00] Scan started | symbols=1 open_paper_positions=0 daily_pnl=$0.00 paused=False
[2026-05-18T14:30:21.620707+00:00] Scan completed
[2026-05-18T14:31:21.621769+00:00] Scan started | symbols=1 open_paper_positions=0 daily_pnl=$0.00 paused=False
[2026-05-18T14:31:21.841626+00:00] Scan completed
[2026-05-18T14:32:21.846059+00:00] Scan started | symbols=1 open_paper_positions=0 daily_pnl=$0.00 paused=False
[2026-05-18T14:32:22.073852+00:00] Scan completed
[2026-05-18T14:33:22.074314+00:00] Scan started | symbols=1 open_paper_positions=0 daily_pnl=$0.00 paused=False
[2026-05-18T14:33:22.304752+00:00] Scan completed
[2026-05-18T14:34:22.308477+00:00] Scan started | symbols=1 open_paper_positions=0 daily_pnl=$0.00 paused=False
[2026-05-18T14:34:22.513490+00:00] Scan completed
[2026-05-18T14:35:22.517766+00:00] Scan started | symbols=1 open_paper_positions=0 daily_pnl=$0.00 paused=False
[2026-05-18T14:35:22.879267+00:00] Scan completed
[2026-05-18T14:36:22.884150+00:00] Scan started | symbols=1 open_paper_positions=0 daily_pnl=$0.00 paused=False
[2026-05-18T14:36:23.149898+00:00] Scan completed
[2026-05-18T14:37:23.154365+00:00] Scan started | symbols=1 open_paper_positions=0 daily_pnl=$0.00 paused=False
[2026-05-18T14:37:23.389141+00:00] Scan completed
[2026-05-18T14:38:23.392278+00:00] Scan started | symbols=1 open_paper_positions=0 daily_pnl=$0.00 paused=False
[2026-05-18T14:38:23.618274+00:00] Scan completed
[2026-05-18T14:39:23.619662+00:00] Scan started | symbols=1 open_paper_positions=0 daily_pnl=$0.00 paused=False
[2026-05-18T14:39:23.838320+00:00] Scan completed
[2026-05-18T14:40:23.842747+00:00] Scan started | symbols=1 open_paper_positions=0 daily_pnl=$0.00 paused=False
[2026-05-18T14:40:24.089234+00:00] Scan completed
[2026-05-18T14:41:24.094305+00:00] Scan started | symbols=1 open_paper_positions=0 daily_pnl=$0.00 paused=False
[2026-05-18T14:41:24.341866+00:00] Scan completed
[2026-05-18T14:42:24.351327+00:00] Scan started | symbols=1 open_paper_positions=0 daily_pnl=$0.00 paused=False
[2026-05-18T14:42:24.579046+00:00] Scan completed
[2026-05-18T14:43:24.589292+00:00] Scan started | symbols=1 open_paper_positions=0 daily_pnl=$0.00 paused=False
[2026-05-18T14:43:24.812833+00:00] Scan completed
[2026-05-18T14:44:24.810860+00:00] Scan started | symbols=1 open_paper_positions=0 daily_pnl=$0.00 paused=False
[2026-05-18T14:44:25.022701+00:00] Scan completed
[2026-05-18T14:45:25.014542+00:00] Scan started | symbols=1 open_paper_positions=0 daily_pnl=$0.00 paused=False
[2026-05-18T14:45:25.228490+00:00] Scan completed
[2026-05-18T14:46:25.237520+00:00] Scan started | symbols=1 open_paper_positions=0 daily_pnl=$0.00 paused=False
[2026-05-18T14:46:25.446717+00:00] Scan completed
[2026-05-18T14:47:25.455987+00:00] Scan started | symbols=1 open_paper_positions=0 daily_pnl=$0.00 paused=False
[2026-05-18T14:47:25.676844+00:00] Scan completed
[2026-05-18T14:48:25.686167+00:00] Scan started | symbols=1 open_paper_positions=0 daily_pnl=$0.00 paused=False
[2026-05-18T14:48:25.897378+00:00] Scan completed
[2026-05-18T14:49:25.906559+00:00] Scan started | symbols=1 open_paper_positions=0 daily_pnl=$0.00 paused=False
[2026-05-18T14:49:26.115527+00:00] Scan completed
[2026-05-18T14:50:26.124675+00:00] Scan started | symbols=1 open_paper_positions=0 daily_pnl=$0.00 paused=False
[2026-05-18T14:50:26.331552+00:00] Scan completed
[2026-05-18T14:51:26.340911+00:00] Scan started | symbols=1 open_paper_positions=0 daily_pnl=$0.00 paused=False
[2026-05-18T14:51:26.555898+00:00] Scan completed
[2026-05-18T14:52:26.559457+00:00] Scan started | symbols=1 open_paper_positions=0 daily_pnl=$0.00 paused=False
[2026-05-18T14:52:26.768758+00:00] Scan completed
[2026-05-18T14:53:26.777965+00:00] Scan started | symbols=1 open_paper_positions=0 daily_pnl=$0.00 paused=False
[2026-05-18T14:53:26.986268+00:00] Scan completed
[2026-05-18T14:54:26.996023+00:00] Scan started | symbols=1 open_paper_positions=0 daily_pnl=$0.00 paused=False
[2026-05-18T14:54:27.217783+00:00] Scan completed
[2026-05-18T14:55:27.226925+00:00] Scan started | symbols=1 open_paper_positions=0 daily_pnl=$0.00 paused=False
[2026-05-18T14:55:27.435884+00:00] Scan completed
[2026-05-18T16:36:11.989753+00:00] Scan started | symbols=1 open_paper_positions=0 daily_pnl=$0.00 paused=False
Error: HTTPSConnectionPool(host='api.binance.com', port=443): Read timed out. (read timeout=10)
[2026-05-18T16:59:33.925742+00:00] Scan started | symbols=1 open_paper_positions=0 daily_pnl=$0.00 paused=False
[2026-05-18T16:59:34.324776+00:00] Scan completed
[2026-05-18T18:01:00.628116+00:00] Scan started | symbols=1 open_paper_positions=0 daily_pnl=$0.00 paused=False
Error: HTTPSConnectionPool(host='api.binance.com', port=443): Read timed out. (read timeout=10)
[2026-05-18T19:16:49.077626+00:00] Scan started | symbols=1 open_paper_positions=0 daily_pnl=$0.00 paused=False
[2026-05-18T19:17:14.937924+00:00] Scan completed
[2026-05-18T21:35:17.056332+00:00] Scan started | symbols=1 open_paper_positions=0 daily_pnl=$0.00 paused=False
Error: HTTPSConnectionPool(host='api.binance.com', port=443): Read timed out. (read timeout=10)
[2026-05-18T21:55:10.975366+00:00] Scan started | symbols=1 open_paper_positions=0 daily_pnl=$0.00 paused=False
[2026-05-18T21:55:11.363618+00:00] Scan completed
[2026-05-18T22:28:40.829305+00:00] Scan started | symbols=1 open_paper_positions=0 daily_pnl=$0.00 paused=False
Error: HTTPSConnectionPool(host='api.binance.com', port=443): Read timed out. (read timeout=10)
[2026-05-18T22:53:05.748562+00:00] Scan started | symbols=1 open_paper_positions=0 daily_pnl=$0.00 paused=False
[2026-05-18T22:53:06.184532+00:00] Scan completed
[2026-05-18T23:11:20.133905+00:00] Scan started | symbols=1 open_paper_positions=0 daily_pnl=$0.00 paused=False
Error: HTTPSConnectionPool(host='api.binance.com', port=443): Read timed out. (read timeout=10)
[2026-05-18T23:53:31.405890+00:00] Scan started | symbols=1 open_paper_positions=0 daily_pnl=$0.00 paused=False
[2026-05-18T23:53:31.742666+00:00] Scan completed
DAILY SUMMARY 2026-05-18 UTC
Net PnL: $0.00
Entries: 0
Exits: 0
Wins: 0
Losses: 0
Open Positions: 0
Paused: False
New UTC day started. Daily PnL reset.
[2026-05-19T00:12:26.866272+00:00] Scan started | symbols=1 open_paper_positions=0 daily_pnl=$0.00 paused=False
Error: HTTPSConnectionPool(host='api.binance.com', port=443): Read timed out. (read timeout=10)
[2026-05-19T01:12:48.379545+00:00] Scan started | symbols=1 open_paper_positions=0 daily_pnl=$0.00 paused=False
[2026-05-19T01:12:48.728912+00:00] Scan completed
[2026-05-19T02:13:14.111201+00:00] Scan started | symbols=1 open_paper_positions=0 daily_pnl=$0.00 paused=False
Error: HTTPSConnectionPool(host='api.binance.com', port=443): Read timed out. (read timeout=10)
[2026-05-19T02:58:25.787463+00:00] Scan started | symbols=1 open_paper_positions=0 daily_pnl=$0.00 paused=False
[2026-05-19T02:58:26.161860+00:00] Scan completed
[2026-05-19T03:15:25.954825+00:00] Scan started | symbols=1 open_paper_positions=0 daily_pnl=$0.00 paused=False
Error: HTTPSConnectionPool(host='api.binance.com', port=443): Read timed out. (read timeout=10)
[2026-05-19T03:34:05.987435+00:00] Scan started | symbols=1 open_paper_positions=0 daily_pnl=$0.00 paused=False
[2026-05-19T03:34:06.431229+00:00] Scan completed
[2026-05-19T04:39:59.575767+00:00] Scan started | symbols=1 open_paper_positions=0 daily_pnl=$0.00 paused=False
Error: HTTPSConnectionPool(host='api.binance.com', port=443): Read timed out. (read timeout=10)
[2026-05-19T04:41:09.599572+00:00] Scan started | symbols=1 open_paper_positions=0 daily_pnl=$0.00 paused=False
[2026-05-19T04:41:10.258461+00:00] Scan completed
[2026-05-19T05:57:22.523316+00:00] Scan started | symbols=1 open_paper_positions=0 daily_pnl=$0.00 paused=False
Error: HTTPSConnectionPool(host='api.binance.com', port=443): Read timed out. (read timeout=10)
[2026-05-19T06:11:29.825416+00:00] Scan started | symbols=1 open_paper_positions=0 daily_pnl=$0.00 paused=False
[2026-05-19T06:11:30.228308+00:00] Scan completed
[2026-05-19T06:12:30.232097+00:00] Scan started | symbols=1 open_paper_positions=0 daily_pnl=$0.00 paused=False
[2026-05-19T06:12:30.430474+00:00] Scan completed
[2026-05-19T06:13:30.434316+00:00] Scan started | symbols=1 open_paper_positions=0 daily_pnl=$0.00 paused=False
[2026-05-19T06:13:30.644869+00:00] Scan completed
[2026-05-19T06:14:30.645755+00:00] Scan started | symbols=1 open_paper_positions=0 daily_pnl=$0.00 paused=False
[2026-05-19T06:14:30.864004+00:00] Scan completed
[2026-05-19T06:15:30.867779+00:00] Scan started | symbols=1 open_paper_positions=0 daily_pnl=$0.00 paused=False
[2026-05-19T06:15:31.075264+00:00] Scan completed
[2026-05-19T06:16:31.079230+00:00] Scan started | symbols=1 open_paper_positions=0 daily_pnl=$0.00 paused=False
[2026-05-19T06:16:31.288349+00:00] Scan completed
[2026-05-19T06:17:31.292811+00:00] Scan started | symbols=1 open_paper_positions=0 daily_pnl=$0.00 paused=False
[2026-05-19T06:17:31.521040+00:00] Scan completed
[2026-05-19T06:18:31.525670+00:00] Scan started | symbols=1 open_paper_positions=0 daily_pnl=$0.00 paused=False
[2026-05-19T06:18:31.759372+00:00] Scan completed
[2026-05-19T06:19:31.763173+00:00] Scan started | symbols=1 open_paper_positions=0 daily_pnl=$0.00 paused=False
[2026-05-19T06:19:31.960128+00:00] Scan completed
[2026-05-19T06:20:31.964125+00:00] Scan started | symbols=1 open_paper_positions=0 daily_pnl=$0.00 paused=False
[2026-05-19T06:20:32.177577+00:00] Scan completed
[2026-05-19T06:21:32.181580+00:00] Scan started | symbols=1 open_paper_positions=0 daily_pnl=$0.00 paused=False
[2026-05-19T06:21:32.416431+00:00] Scan completed
[2026-05-19T06:22:32.420918+00:00] Scan started | symbols=1 open_paper_positions=0 daily_pnl=$0.00 paused=False
[2026-05-19T06:22:32.675101+00:00] Scan completed
[2026-05-19T06:23:32.675302+00:00] Scan started | symbols=1 open_paper_positions=0 daily_pnl=$0.00 paused=False
[2026-05-19T06:23:32.915922+00:00] Scan completed
[2026-05-19T06:24:32.919711+00:00] Scan started | symbols=1 open_paper_positions=0 daily_pnl=$0.00 paused=False
[2026-05-19T06:24:33.142933+00:00] Scan completed
[2026-05-19T06:25:33.147437+00:00] Scan started | symbols=1 open_paper_positions=0 daily_pnl=$0.00 paused=False
[2026-05-19T06:25:33.425567+00:00] Scan completed
[2026-05-19T06:26:33.442008+00:00] Scan started | symbols=1 open_paper_positions=0 daily_pnl=$0.00 paused=False
[2026-05-19T06:26:33.656201+00:00] Scan completed
[2026-05-19T06:27:33.665937+00:00] Scan started | symbols=1 open_paper_positions=0 daily_pnl=$0.00 paused=False
[2026-05-19T06:27:33.896772+00:00] Scan completed
[2026-05-19T06:28:33.896937+00:00] Scan started | symbols=1 open_paper_positions=0 daily_pnl=$0.00 paused=False